This is my first repo file.1